tests/tests-develop/VMTests/vmArithmeticTest/add0.json
tests/tests-develop/VMTests/vmArithmeticTest/add1.json
tests/tests-develop/VMTests/vmArithmeticTest/add2.json
tests/tests-develop/VMTests/vmArithmeticTest/add3.json
tests/tests-develop/VMTests/vmArithmeticTest/add4.json
tests/tests-develop/VMTests/vmArithmeticTest/addmod0.json
tests/tests-develop/VMTests/vmArithmeticTest/addmod1.json
tests/tests-develop/VMTests/vmArithmeticTest/addmod1_overflow2.json
tests/tests-develop/VMTests/vmArithmeticTest/addmod1_overflow3.json
tests/tests-develop/VMTests/vmArithmeticTest/addmod1_overflow4.json
tests/tests-develop/VMTests/vmArithmeticTest/addmod1_overflowDiff.json
tests/tests-develop/VMTests/vmArithmeticTest/addmod2_0.json
tests/tests-develop/VMTests/vmArithmeticTest/addmod2_1.json
tests/tests-develop/VMTests/vmArithmeticTest/addmod3.json
tests/tests-develop/VMTests/vmArithmeticTest/addmod3_0.json
tests/tests-develop/VMTests/vmArithmeticTest/addmodBigIntCast.json
tests/tests-develop/VMTests/vmArithmeticTest/addmodDivByZero.json
tests/tests-develop/VMTests/vmArithmeticTest/addmodDivByZero1.json
tests/tests-develop/VMTests/vmArithmeticTest/addmodDivByZero2.json
tests/tests-develop/VMTests/vmArithmeticTest/addmodDivByZero3.json
tests/tests-develop/VMTests/vmArithmeticTest/arith1.json
tests/tests-develop/VMTests/vmArithmeticTest/div1.json
tests/tests-develop/VMTests/vmArithmeticTest/divBoostBug.json
tests/tests-develop/VMTests/vmArithmeticTest/divByNonZero0.json
tests/tests-develop/VMTests/vmArithmeticTest/divByNonZero1.json
tests/tests-develop/VMTests/vmArithmeticTest/divByNonZero2.json
tests/tests-develop/VMTests/vmArithmeticTest/divByNonZero3.json
tests/tests-develop/VMTests/vmArithmeticTest/divByZero.json
tests/tests-develop/VMTests/vmArithmeticTest/divByZero_2.json
tests/tests-develop/VMTests/vmArithmeticTest/exp0.json
tests/tests-develop/VMTests/vmArithmeticTest/exp1.json
tests/tests-develop/VMTests/vmArithmeticTest/exp2.json
tests/tests-develop/VMTests/vmArithmeticTest/exp3.json
tests/tests-develop/VMTests/vmArithmeticTest/exp4.json
tests/tests-develop/VMTests/vmArithmeticTest/exp5.json
tests/tests-develop/VMTests/vmArithmeticTest/exp6.json
tests/tests-develop/VMTests/vmArithmeticTest/exp7.json
tests/tests-develop/VMTests/vmArithmeticTest/expPowerOf256Of256_0.json
tests/tests-develop/VMTests/vmArithmeticTest/expPowerOf256Of256_1.json
tests/tests-develop/VMTests/vmArithmeticTest/expPowerOf256Of256_10.json
tests/tests-develop/VMTests/vmArithmeticTest/expPowerOf256Of256_11.json
tests/tests-develop/VMTests/vmArithmeticTest/expPowerOf256Of256_12.json
tests/tests-develop/VMTests/vmArithmeticTest/expPowerOf256Of256_13.json
tests/tests-develop/VMTests/vmArithmeticTest/expPowerOf256Of256_14.json
tests/tests-develop/VMTests/vmArithmeticTest/expPowerOf256Of256_15.json
tests/tests-develop/VMTests/vmArithmeticTest/expPowerOf256Of256_16.json
tests/tests-develop/VMTests/vmArithmeticTest/expPowerOf256Of256_17.json
tests/tests-develop/VMTests/vmArithmeticTest/expPowerOf256Of256_18.json
tests/tests-develop/VMTests/vmArithmeticTest/expPowerOf256Of256_19.json
tests/tests-develop/VMTests/vmArithmeticTest/expPowerOf256Of256_2.json
tests/tests-develop/VMTests/vmArithmeticTest/expPowerOf256Of256_20.json
tests/tests-develop/VMTests/vmArithmeticTest/expPowerOf256Of256_21.json
tests/tests-develop/VMTests/vmArithmeticTest/expPowerOf256Of256_22.json
tests/tests-develop/VMTests/vmArithmeticTest/expPowerOf256Of256_23.json
tests/tests-develop/VMTests/vmArithmeticTest/expPowerOf256Of256_24.json
tests/tests-develop/VMTests/vmArithmeticTest/expPowerOf256Of256_25.json
tests/tests-develop/VMTests/vmArithmeticTest/expPowerOf256Of256_26.json
tests/tests-develop/VMTests/vmArithmeticTest/expPowerOf256Of256_27.json
tests/tests-develop/VMTests/vmArithmeticTest/expPowerOf256Of256_28.json
tests/tests-develop/VMTests/vmArithmeticTest/expPowerOf256Of256_29.json
tests/tests-develop/VMTests/vmArithmeticTest/expPowerOf256Of256_3.json
tests/tests-develop/VMTests/vmArithmeticTest/expPowerOf256Of256_30.json
tests/tests-develop/VMTests/vmArithmeticTest/expPowerOf256Of256_31.json
tests/tests-develop/VMTests/vmArithmeticTest/expPowerOf256Of256_32.json
tests/tests-develop/VMTests/vmArithmeticTest/expPowerOf256Of256_33.json
tests/tests-develop/VMTests/vmArithmeticTest/expPowerOf256Of256_4.json
tests/tests-develop/VMTests/vmArithmeticTest/expPowerOf256Of256_5.json
tests/tests-develop/VMTests/vmArithmeticTest/expPowerOf256Of256_6.json
tests/tests-develop/VMTests/vmArithmeticTest/expPowerOf256Of256_7.json
tests/tests-develop/VMTests/vmArithmeticTest/expPowerOf256Of256_8.json
tests/tests-develop/VMTests/vmArithmeticTest/expPowerOf256Of256_9.json
tests/tests-develop/VMTests/vmArithmeticTest/expPowerOf256_1.json
tests/tests-develop/VMTests/vmArithmeticTest/expPowerOf256_10.json
tests/tests-develop/VMTests/vmArithmeticTest/expPowerOf256_11.json
tests/tests-develop/VMTests/vmArithmeticTest/expPowerOf256_12.json
tests/tests-develop/VMTests/vmArithmeticTest/expPowerOf256_13.json
tests/tests-develop/VMTests/vmArithmeticTest/expPowerOf256_14.json
tests/tests-develop/VMTests/vmArithmeticTest/expPowerOf256_15.json
tests/tests-develop/VMTests/vmArithmeticTest/expPowerOf256_16.json
tests/tests-develop/VMTests/vmArithmeticTest/expPowerOf256_17.json
tests/tests-develop/VMTests/vmArithmeticTest/expPowerOf256_18.json
tests/tests-develop/VMTests/vmArithmeticTest/expPowerOf256_19.json
tests/tests-develop/VMTests/vmArithmeticTest/expPowerOf256_2.json
tests/tests-develop/VMTests/vmArithmeticTest/expPowerOf256_20.json
tests/tests-develop/VMTests/vmArithmeticTest/expPowerOf256_21.json
tests/tests-develop/VMTests/vmArithmeticTest/expPowerOf256_22.json
tests/tests-develop/VMTests/vmArithmeticTest/expPowerOf256_23.json
tests/tests-develop/VMTests/vmArithmeticTest/expPowerOf256_24.json
tests/tests-develop/VMTests/vmArithmeticTest/expPowerOf256_25.json
tests/tests-develop/VMTests/vmArithmeticTest/expPowerOf256_26.json
tests/tests-develop/VMTests/vmArithmeticTest/expPowerOf256_28.json
tests/tests-develop/VMTests/vmArithmeticTest/expPowerOf256_29.json
tests/tests-develop/VMTests/vmArithmeticTest/expPowerOf256_3.json
tests/tests-develop/VMTests/vmArithmeticTest/expPowerOf256_30.json
tests/tests-develop/VMTests/vmArithmeticTest/expPowerOf256_31.json
tests/tests-develop/VMTests/vmArithmeticTest/expPowerOf256_32.json
tests/tests-develop/VMTests/vmArithmeticTest/expPowerOf256_33.json
tests/tests-develop/VMTests/vmArithmeticTest/expPowerOf256_4.json
tests/tests-develop/VMTests/vmArithmeticTest/expPowerOf256_5.json
tests/tests-develop/VMTests/vmArithmeticTest/expPowerOf256_6.json
tests/tests-develop/VMTests/vmArithmeticTest/expPowerOf256_7.json
tests/tests-develop/VMTests/vmArithmeticTest/expPowerOf256_8.json
tests/tests-develop/VMTests/vmArithmeticTest/expPowerOf256_9.json
tests/tests-develop/VMTests/vmArithmeticTest/expPowerOf2_128.json
tests/tests-develop/VMTests/vmArithmeticTest/expPowerOf2_16.json
tests/tests-develop/VMTests/vmArithmeticTest/expPowerOf2_2.json
tests/tests-develop/VMTests/vmArithmeticTest/expPowerOf2_256.json
tests/tests-develop/VMTests/vmArithmeticTest/expPowerOf2_32.json
tests/tests-develop/VMTests/vmArithmeticTest/expPowerOf2_4.json
tests/tests-develop/VMTests/vmArithmeticTest/expPowerOf2_64.json
tests/tests-develop/VMTests/vmArithmeticTest/expPowerOf2_8.json
tests/tests-develop/VMTests/vmArithmeticTest/expXY.json
tests/tests-develop/VMTests/vmArithmeticTest/expXY_success.json
tests/tests-develop/VMTests/vmArithmeticTest/fibbonacci_unrolled.json
tests/tests-develop/VMTests/vmArithmeticTest/mod0.json
tests/tests-develop/VMTests/vmArithmeticTest/mod1.json
tests/tests-develop/VMTests/vmArithmeticTest/mod2.json
tests/tests-develop/VMTests/vmArithmeticTest/mod3.json
tests/tests-develop/VMTests/vmArithmeticTest/mod4.json
tests/tests-develop/VMTests/vmArithmeticTest/modByZero.json
tests/tests-develop/VMTests/vmArithmeticTest/mul0.json
tests/tests-develop/VMTests/vmArithmeticTest/mul1.json
tests/tests-develop/VMTests/vmArithmeticTest/mul2.json
tests/tests-develop/VMTests/vmArithmeticTest/mul3.json
tests/tests-develop/VMTests/vmArithmeticTest/mul4.json
tests/tests-develop/VMTests/vmArithmeticTest/mul5.json
tests/tests-develop/VMTests/vmArithmeticTest/mul6.json
tests/tests-develop/VMTests/vmArithmeticTest/mul7.json
tests/tests-develop/VMTests/vmArithmeticTest/mulUnderFlow.json
tests/tests-develop/VMTests/vmArithmeticTest/mulmod0.json
tests/tests-develop/VMTests/vmArithmeticTest/mulmod1.json
tests/tests-develop/VMTests/vmArithmeticTest/mulmod1_overflow.json
tests/tests-develop/VMTests/vmArithmeticTest/mulmod1_overflow2.json
tests/tests-develop/VMTests/vmArithmeticTest/mulmod1_overflow3.json
tests/tests-develop/VMTests/vmArithmeticTest/mulmod1_overflow4.json
tests/tests-develop/VMTests/vmArithmeticTest/mulmod2.json
tests/tests-develop/VMTests/vmArithmeticTest/mulmod2_0.json
tests/tests-develop/VMTests/vmArithmeticTest/mulmod2_1.json
tests/tests-develop/VMTests/vmArithmeticTest/mulmod3.json
tests/tests-develop/VMTests/vmArithmeticTest/mulmod3_0.json
tests/tests-develop/VMTests/vmArithmeticTest/mulmod4.json
tests/tests-develop/VMTests/vmArithmeticTest/mulmoddivByZero.json
tests/tests-develop/VMTests/vmArithmeticTest/mulmoddivByZero1.json
tests/tests-develop/VMTests/vmArithmeticTest/mulmoddivByZero2.json
tests/tests-develop/VMTests/vmArithmeticTest/mulmoddivByZero3.json
tests/tests-develop/VMTests/vmArithmeticTest/not1.json
tests/tests-develop/VMTests/vmArithmeticTest/sdiv0.json
tests/tests-develop/VMTests/vmArithmeticTest/sdiv1.json
tests/tests-develop/VMTests/vmArithmeticTest/sdiv2.json
tests/tests-develop/VMTests/vmArithmeticTest/sdiv3.json
tests/tests-develop/VMTests/vmArithmeticTest/sdiv4.json
tests/tests-develop/VMTests/vmArithmeticTest/sdiv5.json
tests/tests-develop/VMTests/vmArithmeticTest/sdiv6.json
tests/tests-develop/VMTests/vmArithmeticTest/sdiv7.json
tests/tests-develop/VMTests/vmArithmeticTest/sdiv8.json
tests/tests-develop/VMTests/vmArithmeticTest/sdiv9.json
tests/tests-develop/VMTests/vmArithmeticTest/sdivByZero0.json
tests/tests-develop/VMTests/vmArithmeticTest/sdivByZero1.json
tests/tests-develop/VMTests/vmArithmeticTest/sdivByZero2.json
tests/tests-develop/VMTests/vmArithmeticTest/sdiv_dejavu.json
tests/tests-develop/VMTests/vmArithmeticTest/sdiv_i256min.json
tests/tests-develop/VMTests/vmArithmeticTest/sdiv_i256min2.json
tests/tests-develop/VMTests/vmArithmeticTest/sdiv_i256min3.json
tests/tests-develop/VMTests/vmArithmeticTest/signextendInvalidByteNumber.json
tests/tests-develop/VMTests/vmArithmeticTest/signextend_00.json
tests/tests-develop/VMTests/vmArithmeticTest/signextend_AlmostBiggestByte.json
tests/tests-develop/VMTests/vmArithmeticTest/signextend_BigByteBigByte.json
tests/tests-develop/VMTests/vmArithmeticTest/signextend_BigBytePlus1_2.json
tests/tests-develop/VMTests/vmArithmeticTest/signextend_BigByte_0.json
tests/tests-develop/VMTests/vmArithmeticTest/signextend_Overflow_dj42.json
tests/tests-develop/VMTests/vmArithmeticTest/signextend_bigBytePlus1.json
tests/tests-develop/VMTests/vmArithmeticTest/smod0.json
tests/tests-develop/VMTests/vmArithmeticTest/smod1.json
tests/tests-develop/VMTests/vmArithmeticTest/smod2.json
tests/tests-develop/VMTests/vmArithmeticTest/smod3.json
tests/tests-develop/VMTests/vmArithmeticTest/smod4.json
tests/tests-develop/VMTests/vmArithmeticTest/smod5.json
tests/tests-develop/VMTests/vmArithmeticTest/smod6.json
tests/tests-develop/VMTests/vmArithmeticTest/smod7.json
tests/tests-develop/VMTests/vmArithmeticTest/smod8_byZero.json
tests/tests-develop/VMTests/vmArithmeticTest/smod_i256min1.json
tests/tests-develop/VMTests/vmArithmeticTest/smod_i256min2.json
tests/tests-develop/VMTests/vmArithmeticTest/stop.json
tests/tests-develop/VMTests/vmArithmeticTest/sub0.json
tests/tests-develop/VMTests/vmArithmeticTest/sub1.json
tests/tests-develop/VMTests/vmArithmeticTest/sub2.json
tests/tests-develop/VMTests/vmArithmeticTest/sub3.json
tests/tests-develop/VMTests/vmArithmeticTest/sub4.json
tests/tests-develop/VMTests/vmBitwiseLogicOperationTest/and0.json
tests/tests-develop/VMTests/vmBitwiseLogicOperationTest/and1.json
tests/tests-develop/VMTests/vmBitwiseLogicOperationTest/and2.json
tests/tests-develop/VMTests/vmBitwiseLogicOperationTest/and3.json
tests/tests-develop/VMTests/vmBitwiseLogicOperationTest/and4.json
tests/tests-develop/VMTests/vmBitwiseLogicOperationTest/and5.json
tests/tests-develop/VMTests/vmBitwiseLogicOperationTest/byte0.json
tests/tests-develop/VMTests/vmBitwiseLogicOperationTest/byte1.json
tests/tests-develop/VMTests/vmBitwiseLogicOperationTest/byte10.json
tests/tests-develop/VMTests/vmBitwiseLogicOperationTest/byte11.json
tests/tests-develop/VMTests/vmBitwiseLogicOperationTest/byte2.json
tests/tests-develop/VMTests/vmBitwiseLogicOperationTest/byte3.json
tests/tests-develop/VMTests/vmBitwiseLogicOperationTest/byte4.json
tests/tests-develop/VMTests/vmBitwiseLogicOperationTest/byte5.json
tests/tests-develop/VMTests/vmBitwiseLogicOperationTest/byte6.json
tests/tests-develop/VMTests/vmBitwiseLogicOperationTest/byte7.json
tests/tests-develop/VMTests/vmBitwiseLogicOperationTest/byte8.json
tests/tests-develop/VMTests/vmBitwiseLogicOperationTest/byte9.json
tests/tests-develop/VMTests/vmBitwiseLogicOperationTest/eq0.json
tests/tests-develop/VMTests/vmBitwiseLogicOperationTest/eq1.json
tests/tests-develop/VMTests/vmBitwiseLogicOperationTest/eq2.json
tests/tests-develop/VMTests/vmBitwiseLogicOperationTest/gt0.json
tests/tests-develop/VMTests/vmBitwiseLogicOperationTest/gt1.json
tests/tests-develop/VMTests/vmBitwiseLogicOperationTest/gt2.json
tests/tests-develop/VMTests/vmBitwiseLogicOperationTest/gt3.json
tests/tests-develop/VMTests/vmBitwiseLogicOperationTest/iszeo2.json
tests/tests-develop/VMTests/vmBitwiseLogicOperationTest/iszero0.json
tests/tests-develop/VMTests/vmBitwiseLogicOperationTest/iszero1.json
tests/tests-develop/VMTests/vmBitwiseLogicOperationTest/lt0.json
tests/tests-develop/VMTests/vmBitwiseLogicOperationTest/lt1.json
tests/tests-develop/VMTests/vmBitwiseLogicOperationTest/lt2.json
tests/tests-develop/VMTests/vmBitwiseLogicOperationTest/lt3.json
tests/tests-develop/VMTests/vmBitwiseLogicOperationTest/not0.json
tests/tests-develop/VMTests/vmBitwiseLogicOperationTest/not1.json
tests/tests-develop/VMTests/vmBitwiseLogicOperationTest/not2.json
tests/tests-develop/VMTests/vmBitwiseLogicOperationTest/not3.json
tests/tests-develop/VMTests/vmBitwiseLogicOperationTest/not4.json
tests/tests-develop/VMTests/vmBitwiseLogicOperationTest/not5.json
tests/tests-develop/VMTests/vmBitwiseLogicOperationTest/or0.json
tests/tests-develop/VMTests/vmBitwiseLogicOperationTest/or1.json
tests/tests-develop/VMTests/vmBitwiseLogicOperationTest/or2.json
tests/tests-develop/VMTests/vmBitwiseLogicOperationTest/or3.json
tests/tests-develop/VMTests/vmBitwiseLogicOperationTest/or4.json
tests/tests-develop/VMTests/vmBitwiseLogicOperationTest/or5.json
tests/tests-develop/VMTests/vmBitwiseLogicOperationTest/xor0.json
tests/tests-develop/VMTests/vmBitwiseLogicOperationTest/xor1.json
tests/tests-develop/VMTests/vmBitwiseLogicOperationTest/xor2.json
tests/tests-develop/VMTests/vmBitwiseLogicOperationTest/xor3.json
tests/tests-develop/VMTests/vmBitwiseLogicOperationTest/xor4.json
tests/tests-develop/VMTests/vmBitwiseLogicOperationTest/xor5.json
tests/tests-develop/VMTests/vmIOandFlowOperationsTest/BlockNumberDynamicJump0_AfterJumpdest3.json
tests/tests-develop/VMTests/vmIOandFlowOperationsTest/BlockNumberDynamicJump0_jumpdest0.json
tests/tests-develop/VMTests/vmIOandFlowOperationsTest/BlockNumberDynamicJump1.json
tests/tests-develop/VMTests/vmIOandFlowOperationsTest/BlockNumberDynamicJumpi0.json
tests/tests-develop/VMTests/vmIOandFlowOperationsTest/BlockNumberDynamicJumpi1.json
tests/tests-develop/VMTests/vmIOandFlowOperationsTest/BlockNumberDynamicJumpiAfterStop.json
tests/tests-develop/VMTests/vmIOandFlowOperationsTest/BlockNumberDynamicJumpifInsidePushWithJumpDest.json
tests/tests-develop/VMTests/vmIOandFlowOperationsTest/DyanmicJump0_outOfBoundary.json
tests/tests-develop/VMTests/vmIOandFlowOperationsTest/DynamicJump0_AfterJumpdest.json
tests/tests-develop/VMTests/vmIOandFlowOperationsTest/DynamicJump1.json
tests/tests-develop/VMTests/vmIOandFlowOperationsTest/DynamicJumpAfterStop.json
tests/tests-develop/VMTests/vmIOandFlowOperationsTest/DynamicJumpInsidePushWithJumpDest.json
tests/tests-develop/VMTests/vmIOandFlowOperationsTest/DynamicJumpJD_DependsOnJumps1.json
tests/tests-develop/VMTests/vmIOandFlowOperationsTest/DynamicJumpPathologicalTest0.json
tests/tests-develop/VMTests/vmIOandFlowOperationsTest/DynamicJumpPathologicalTest1.json
tests/tests-develop/VMTests/vmIOandFlowOperationsTest/DynamicJumpStartWithJumpDest.json
tests/tests-develop/VMTests/vmIOandFlowOperationsTest/DynamicJump_value1.json
tests/tests-develop/VMTests/vmIOandFlowOperationsTest/DynamicJump_value3.json
tests/tests-develop/VMTests/vmIOandFlowOperationsTest/DynamicJumpi0.json
tests/tests-develop/VMTests/vmIOandFlowOperationsTest/DynamicJumpiAfterStop.json
tests/tests-develop/VMTests/vmIOandFlowOperationsTest/DynamicJumpifInsidePushWithJumpDest.json
tests/tests-develop/VMTests/vmIOandFlowOperationsTest/JDfromStorageDynamicJump0_jumpdest2.json
tests/tests-develop/VMTests/vmIOandFlowOperationsTest/JDfromStorageDynamicJump1.json
tests/tests-develop/VMTests/vmIOandFlowOperationsTest/JDfromStorageDynamicJumpi1_jumpdest.json
tests/tests-develop/VMTests/vmIOandFlowOperationsTest/JDfromStorageDynamicJumpifInsidePushWithJumpDest.json
tests/tests-develop/VMTests/vmIOandFlowOperationsTest/byte1.json
tests/tests-develop/VMTests/vmIOandFlowOperationsTest/extcodecopyMemExp.json
tests/tests-develop/VMTests/vmIOandFlowOperationsTest/for_loop1.json
tests/tests-develop/VMTests/vmIOandFlowOperationsTest/gasOverFlow.json
tests/tests-develop/VMTests/vmIOandFlowOperationsTest/indirect_jump3.json
tests/tests-develop/VMTests/vmIOandFlowOperationsTest/jump0_AfterJumpdest.json
tests/tests-develop/VMTests/vmIOandFlowOperationsTest/jump0_AfterJumpdest3.json
tests/tests-develop/VMTests/vmIOandFlowOperationsTest/jump0_jumpdest0.json
tests/tests-develop/VMTests/vmIOandFlowOperationsTest/jump0_jumpdest2.json
tests/tests-develop/VMTests/vmIOandFlowOperationsTest/jump0_outOfBoundary.json
tests/tests-develop/VMTests/vmIOandFlowOperationsTest/jump0_withoutJumpdest.json
tests/tests-develop/VMTests/vmIOandFlowOperationsTest/jump1.json
tests/tests-develop/VMTests/vmIOandFlowOperationsTest/jumpDynamicJumpSameDest.json
tests/tests-develop/VMTests/vmIOandFlowOperationsTest/jumpInsidePushWithJumpDest.json
tests/tests-develop/VMTests/vmIOandFlowOperationsTest/jumpInsidePushWithoutJumpDest.json
tests/tests-develop/VMTests/vmIOandFlowOperationsTest/jumpTo1InstructionafterJump.json
tests/tests-develop/VMTests/vmIOandFlowOperationsTest/jumpToUint64maxPlus1.json
tests/tests-develop/VMTests/vmIOandFlowOperationsTest/jumpToUintmaxPlus1.json
tests/tests-develop/VMTests/vmIOandFlowOperationsTest/jumpi1.json
tests/tests-develop/VMTests/vmIOandFlowOperationsTest/jumpi1_jumpdest.json
tests/tests-develop/VMTests/vmIOandFlowOperationsTest/jumpiAfterStop.json
tests/tests-develop/VMTests/vmIOandFlowOperationsTest/jumpi_at_the_end.json
tests/tests-develop/VMTests/vmIOandFlowOperationsTest/jumpifInsidePushWithJumpDest.json
tests/tests-develop/VMTests/vmIOandFlowOperationsTest/kv1.json
tests/tests-develop/VMTests/vmIOandFlowOperationsTest/memory1.json
tests/tests-develop/VMTests/vmIOandFlowOperationsTest/mloadError0.json
tests/tests-develop/VMTests/vmIOandFlowOperationsTest/mloadError1.json
tests/tests-develop/VMTests/vmIOandFlowOperationsTest/msize0.json
tests/tests-develop/VMTests/vmIOandFlowOperationsTest/msize1.json
tests/tests-develop/VMTests/vmIOandFlowOperationsTest/msize3.json
tests/tests-develop/VMTests/vmIOandFlowOperationsTest/mstore8_1.json
tests/tests-develop/VMTests/vmIOandFlowOperationsTest/mstoreMemExp.json
tests/tests-develop/VMTests/vmIOandFlowOperationsTest/mstore_mload0.json
tests/tests-develop/VMTests/vmIOandFlowOperationsTest/pop0.json
tests/tests-develop/VMTests/vmIOandFlowOperationsTest/sstore_load_1.json
tests/tests-develop/VMTests/vmIOandFlowOperationsTest/sstore_load_2.json
tests/tests-develop/VMTests/vmIOandFlowOperationsTest/stackjump1.json
tests/tests-develop/VMTests/vmIOandFlowOperationsTest/when.json
tests/tests-develop/VMTests/vmSystemOperationsTest/ABAcalls1.json
tests/tests-develop/VMTests/vmSystemOperationsTest/ABAcalls3.json
tests/tests-develop/VMTests/vmSystemOperationsTest/ABAcallsSuicide0.json
tests/tests-develop/VMTests/vmSystemOperationsTest/CallRecursiveBomb0.json
tests/tests-develop/VMTests/vmSystemOperationsTest/CallRecursiveBomb1.json
tests/tests-develop/VMTests/vmSystemOperationsTest/CallRecursiveBomb2.json
tests/tests-develop/VMTests/vmSystemOperationsTest/CallToNameRegistrator0.json
tests/tests-develop/VMTests/vmSystemOperationsTest/CallToNameRegistratorNotMuchMemory1.json
tests/tests-develop/VMTests/vmSystemOperationsTest/CallToNameRegistratorOutOfGas.json
tests/tests-develop/VMTests/vmSystemOperationsTest/CallToNameRegistratorTooMuchMemory0.json
tests/tests-develop/VMTests/vmSystemOperationsTest/CallToNameRegistratorTooMuchMemory1.json
tests/tests-develop/VMTests/vmSystemOperationsTest/CallToNameRegistratorTooMuchMemory2.json
tests/tests-develop/VMTests/vmSystemOperationsTest/CallToReturn1.json
tests/tests-develop/VMTests/vmSystemOperationsTest/PostToNameRegistrator0.json
tests/tests-develop/VMTests/vmSystemOperationsTest/callcodeToNameRegistrator0.json
tests/tests-develop/VMTests/vmSystemOperationsTest/callstatelessToNameRegistrator0.json
tests/tests-develop/VMTests/vmSystemOperationsTest/return0.json
